00:06:24.854 [task-65221] INFO  modelAnalysis - [saveModelAnalysisLog,789] - {"analysisParam":"{\"user_id\":1001,\"query\":\"垃圾袋0.99\",\"history\":[],\"session_id\":\"example-session-id-001\"}","analysisResult":"{\"action\": \"add\", \"user_intention\": \"新增账单\", \"message\": [{\"bill_type_name\": \"支出\", \"parent_name\": \"购物\", \"classify_name\": \"日用品\", \"bill_amount\": \"0.99\", \"bill_time\": \"2025-12-16 00:06:18\", \"remark\": \"买垃圾袋\", \"abled_expense\": \"false\", \"is_expensed\": 0}], \"message_interpretation\": \"账单:[{'类别': '支出', '一级类目': '购物', '二级类目': '日用品', '金额': '0.99', '时间': '2025-12-16 00:06:18', '是否需要报销': '无需报销', '是否报销': '无需报销账单'}]\", \"status\": \"success\"}","messageUser":"垃圾袋0.99","promptParam":"{\"user_id\":1001,\"session_id\":\"1328ea00b5604d671c07c411a7\",\"query\":\"垃圾袋0.99\",\"history\":[],\"reference\":\"账单:[{'类别': '支出', '一级类目': '购物', '二级类目': '日用品', '金额': '0.99', '时间': '2025-12-16 00:06:18', '是否需要报销': '无需报销', '是否报销': '无需报销账单'}]\",\"customer_profile_prompt\":\"{\\\"昵称\\\":\\\"小橙\\\"}\",\"NPC_describe\":\"用轻松诙谐的语言陪伴你记账\",\"user_intention\":\"新增账单\",\"action\":\"add\"}","promptResult":"{\"status\": \"success\", \"prompt\": \"\\n**输入数据**：\\n1.当前消息message：[垃圾袋0.99]\\n\\n2.会话上下文history（仅辅助）：[[]]  # 截断显示\\n\\n3.用户意图：新增账单\\n\\n4.AI客服助理的处理结果reference（仅作为原始参考语料）：账单:[{'类别': '支出', '一级类目': '购物', '二级类目': '日用品', '金额': '0.99', '时间': '2025-12-16 00:06:18', '是否需要报销': '无需报销', '是否报销': '无需报销账单'}]\",\"context_id\": \"example-context-id-001\"}","reply":"嘿呀，小橙！买垃圾袋的这笔0.99元支出账单，已为您安排得妥妥当当啦，一级类目是"购物"，二级类目属于"日用品"，就等着踏踏实实记在账本里咯！","sessionId":"example-session-id-001","successFlag":1,"userAction":"add","userId":1001,"userIntention":"新增账单"}
